{
  "data": {
    "musicians": [
      {
        "musicianName": "John Lennon"
      },
      {
        "musicianName": "Paul McCartney"
      },
      {
        "musicianName": "John Lennon"
      },
      {
        "musicianName": "Paul McCartney"
      },
      {
        "musicianName": "Freddie Mercury"
      }
    ]
  }
}